---
source: tui/src/diff_render.rs
expression: terminal.backend()
---
"proposed patch to 1 file (+2 -0)                                                "
"  âŽ¿ README.md (+2 -0)                                                           "
"    1     +first line                                                           "
"    2     +second line                                                          "
"                                                                                "
"                                                                                "
"                                                                                "
"                                                                                "
"                                                                                "
"                                                                                "
