---
source: tui/src/history_cell.rs
expression: rendered
---
â€¢ Calling search.find_docs({"query":"ratatui styling","limit":3})
