---
source: tui/src/bottom_pane/footer.rs
assertion_line: 491
expression: terminal.backend()
---
"  72% context left                                                              "
