---
source: tui/src/bottom_pane/chat_composer.rs
expression: terminal.backend()
---
"▌ ...                                                                                               "
"▌                                                                                                   "
"▌                                                                                                   "
"▌                                                                                                   "
"▌                                                                                                   "
"▌                                                                                                   "
"▌                                                                                                   "
"▌                                                                                                   "
"▌                                                                                                   "
" ⏎ send   Ctrl+J newline   Ctrl+C quit                                                              "
