---
source: tui/src/bottom_pane/footer.rs
expression: terminal.backend()
---
"  100% context left | ctrl + c again to interrupt                               "
