---
source: tui/src/bottom_pane/feedback_view.rs
expression: rendered
---
▌ Tell us more (bug)
▌
▌ What broke? Steps to reproduce help a lot.

Press enter to confirm or esc to go back
