---
source: tui/src/bottom_pane/footer.rs
expression: terminal.backend()
---
"  In #critic · 85% context left · ? for shortcuts                               "
