---
source: tui/src/bottom_pane/feedback_view.rs
expression: rendered
---
▌ Tell us more (good result)
▌
▌ What worked well? Anything to highlight?

Press enter to confirm or esc to go back
