---
source: tui/src/bottom_pane/footer.rs
expression: terminal.backend()
---
"  100% context left | esc esc to edit previous message                          "
