---
source: tui/src/bottom_pane/feedback_view.rs
expression: rendered
---
▌ Tell us more (bad result)
▌
▌ What went wrong? What did you expect?

Press enter to confirm or esc to go back
