---
source: tui/src/chatwidget/tests.rs
assertion_line: 886
expression: combined
---
thinking
I will first analyze the request.

codex
Here is the result.
