---
source: tui/src/chatwidget/tests.rs
expression: active_blob(&chat)
---
• Explored
  └ List ls -la
    Read foo.txt
