---
source: tui/src/chatwidget/tests.rs
expression: popup
---
  Upload logs?

â€º 1. Yes  Share the current Codex session logs with the team for
          troubleshooting.
  2. No

  Press enter to confirm or esc to go back
