---
source: tui/src/chatwidget/tests.rs
expression: terminal.backend()
---
"                                        "
