---
source: tui/src/chatwidget/tests.rs
expression: terminal.backend()
---
"? Codex wants to run echo hello world                                           "
"                                                                                "
"Model wants to run a command                                                    "
"                                                                                "
"▌Allow command?                                                                 "
"▌ Yes   Always   No   No, provide feedback                                      "
"▌ Approve and run the command                                                   "
"                                                                                "
"                                                                                "
