---
source: tui/src/chatwidget/tests.rs
expression: active_blob(&chat)
---
• Exploring
  └ List ls -la
    Read foo.txt
